<html>
<body>
<pre>
<h1>µVision Build Log</h1>
<h2>Tool Versions:</h2>
IDE-Version: µVision V5.38.0.0
Copyright (C) 2022 ARM Ltd and ARM Germany GmbH. All rights reserved.
License Information: David Baker, dtbaker, LIC=----
 
Tool Versions:
Toolchain:       MDK-ARM Professional  Version: 5.38.0.0
Toolchain Path:  C:\Keil_v5\ARM\ARMCLANG\Bin
C Compiler:      ArmClang.exe V6.19
Assembler:       Armasm.exe V6.19
Linker/Locator:  ArmLink.exe V6.19
Library Manager: ArmAr.exe V6.19
Hex Converter:   FromElf.exe V6.19
CPU DLL:         SARMCM3.DLL V5.38.0.0
Dialog DLL:      DCM.DLL V1.17.5.0
Target DLL:      STLink\ST-LINKIII-KEIL_SWO.dll V3.1.0.0
Dialog DLL:      TCM.DLL V1.56.4.0
 
<h2>Project:</h2>
C:\Users\dtbak\Desktop\stm-1.0.4\Moebius.uvprojx
Project File Date:  08/27/2023

<h2>Output:</h2>
*** Using Compiler 'V6.19', folder: 'C:\Keil_v5\ARM\ARMCLANG\Bin'
Rebuild target 'Target 1'
compiling stm32f10x_gpio.c...
compiling stm32f10x_usart.c...
assembling startup_stm32f10x_hd.s...
compiling system_stm32f10x.c...
compiling Moebius.c...
compiling core_cm3.c...
compiling stm32f10x_rcc.c...
compiling filter.c...
compiling misc.c...
compiling stm32f10x_exti.c...
compiling stm32f10x_pwr.c...
compiling stm32f10x_bkp.c...
compiling show.c...
compiling motor.c...
compiling encoder.c...
compiling adc.c...
compiling exti.c...
compiling control.c...
compiling BlueTooth.c...
compiling stm32f10x_tim.c...
compiling key.c...
compiling LED.C...
compiling USART.c...
compiling Sys.c...
compiling Systick.c...
compiling IOI2C.c...
compiling pstwo.c...
compiling MPU6050.c...
compiling inv_mpu_dmp_motion_driver.c...
compiling inv_mpu.c...
linking...
Program Size: Code=41112 RO-data=4148 RW-data=144 ZI-data=1912  
FromELF: creating hex file...
".\OBJ\Moebius.axf" - 0 Error(s), 0 Warning(s).

<h2>Software Packages used:</h2>

Package Vendor: Keil
                http://www.keil.com/pack/Keil.STM32F1xx_DFP.2.4.0.pack
                Keil.STM32F1xx_DFP.2.4.0
                STMicroelectronics STM32F1 Series Device Support, Drivers and Examples

<h2>Collection of Component include folders:</h2>
  C:/Users/dtbak/AppData/Local/Arm/Packs/Keil/STM32F1xx_DFP/2.4.0/Device/Include

<h2>Collection of Component Files used:</h2>
Build Time Elapsed:  00:00:01
</pre>
</body>
</html>
